error: Negation by multiplying with -1
  --> $DIR/neg_multiply.rs:40:5
   |
40 |     x * -1;
   |     ^^^^^^
   |
   = note: `-D clippy::neg-multiply` implied by `-D warnings`

error: Negation by multiplying with -1
  --> $DIR/neg_multiply.rs:42:5
   |
42 |     -1 * x;
   |     ^^^^^^

error: Negation by multiplying with -1
  --> $DIR/neg_multiply.rs:44:5
   |
44 |     x *= -1;
   |     ^^^^^^^

error: aborting due to 3 previous errors

